Channel police
Stats:
Total: 7
active: 0
forces arrival at scene: 0
Event Reports:
Report_1:
city: Raccoon City
date time: 1734939900
event name: Burglary
summary: Suspect broke into a reside...
Report_2:
city: Liberty City
date time: 1734961200
event name: Grand Theft Auto
summary: Pink Lampadati Felon with l...
Report_3:
city: Vice City
date time: 1735006800
event name: Hit and Run
summary: Black SUV struck a pedestri...
Report_4:
city: Silent Hill
date time: 1735078500
event name: Armed Robbery
summary: Two masked suspects armed w...
Report_5:
city: Pallet Town
date time: 1735162200
event name: Assault
summary: Male suspect assaulted anot...
Report_6:
city: Gotham City
date time: 1735194000
event name: Drug Possession Arrest
summary: Police apprehended a suspec...
Report_7:
city: Los Alamos
date time: 1735681200
event name: Vandalism
summary: Multiple cars were spray-pa...
